# Local TeaQL Generation Summary

Captured: 2026-08-08

## Server

```bash
cd /home/philip/githome/teaql-code-gen
java -jar generator/target/generator-1.1.1.jar \
  --server.address=127.0.0.1 \
  --server.port=18080
```

- Endpoint: `http://127.0.0.1:18080/`
- Generator Server: `20260804.173835`
- teaql-java: `1.526-RELEASE`
- teaql-rs: `4.2.3`

## Input

- Model: `examples/payment/05-generated-model.xml`
- SHA-256: `48e44bb6dac1437cb806b1a00653b693c8c6cb4c12e87edf67afe4721a5bff64`
- Evaluation: `Errors: 0`
- Initial output root: newly created `/tmp/payment-gen.nDjElC`; no output children existed before generation

## Java

```bash
TEAQL_ENDPOINT_PREFIX=http://127.0.0.1:18080/ \
mvn io.teaql:teaql-maven-plugin:1.1.0:generate \
  -Dservice=java-lib-core \
  -Dinput=<workspace>/examples/payment/05-generated-model.xml \
  -Dteaql.output=/tmp/payment-gen.nDjElC/java-lib-core
```

- Result: `BUILD SUCCESS`
- Exit code: `0`
- Raw log: `examples/payment/run/maven_generate.log`

## Rust

```bash
cargo teaql \
  --endpoint-prefix http://127.0.0.1:18080/ \
  --input <workspace>/examples/payment/05-generated-model.xml \
  --output /tmp/payment-gen.nDjElC/rust-lib-core \
  rust-lib-core
```

- Exit code: `0`
- Raw log: `examples/payment/run/cargo_generate.log`

Final source files were moved into `examples/payment/07-generated-code/` only after Java compilation and Rust tests succeeded. Checksums are in `examples/payment/run/generated-files.sha256`.
