[INFO] Scanning for projects...
[INFO] 
[INFO] ------------------< org.apache.maven:standalone-pom >-------------------
[INFO] Building Maven Stub Project (No POM) 1
[INFO] --------------------------------[ pom ]---------------------------------
[INFO] 
[INFO] --- teaql:1.1.0:generate (default-cli) @ standalone-pom ---
[INFO] 
  config (precedence: mojo > env > config.yml > default):
    endpoint_prefix  = https://api.teaql.io/latest/  (from: ~/.teaql/config.yml (or built-in default))
    api_key          = ********  (from: built-in default OOTB key)
    build_dir        = /opt/workspace/githome/datahub-hackson-2026/examples/payment/07-generated-code/java-lib-core  (from: mojo parameter (-Dteaql.output))
    timeout_seconds  = 1200  (from: ~/.teaql/config.yml (or built-in default))

  api_key permissions:
    subject = default-user
    plan    = free
    expires = 2026-12-08 07:22:24 UTC (122 days remaining)

[INFO] model input: /opt/workspace/githome/datahub-hackson-2026/examples/payment/05-generated-model.xml
[INFO] using https://api.teaql.io/latest/generate
[INFO] generated output in /opt/workspace/githome/datahub-hackson-2026/examples/payment/07-generated-code/java-lib-core
[INFO] archive saved to /opt/workspace/githome/datahub-hackson-2026/examples/payment/07-generated-code/java-lib-core/domain.zip
[INFO] ------------------------------------------------------------------------
[INFO] BUILD SUCCESS
[INFO] ------------------------------------------------------------------------
[INFO] Total time:  1.705 s
[INFO] Finished at: 2026-08-08T03:04:16+08:00
[INFO] ------------------------------------------------------------------------
Exit Code: 0
