Script started on 2026-08-08 12:29:48+08:00 [<not executed on terminal>]
STARTED_AT_UTC=2026-08-08T04:29:48Z
MODEL_SHA256=48e44bb6dac1437cb806b1a00653b693c8c6cb4c12e87edf67afe4721a5bff64
REPEAT_OUTPUT_ROOT=/tmp/payment-repeat.WUpFce
EMPTY_ENTRY_COUNT=0
COMMAND=TEAQL_ENDPOINT_PREFIX=http://127.0.0.1:18080/ mvn teaql:generate -Dservice=java-lib-core
[[1;34mINFO[m] Scanning for projects...
[[1;34mINFO[m] 
[[1;34mINFO[m] [1m------------------< [0;36morg.apache.maven:standalone-pom[0;1m >-------------------[m
[[1;34mINFO[m] [1mBuilding Maven Stub Project (No POM) 1[m
[[1;34mINFO[m] [1m--------------------------------[ pom ]---------------------------------[m
[[1;34mINFO[m] 
[[1;34mINFO[m] [1m--- [0;32mteaql:1.1.0:generate[m [1m(default-cli)[m @ [36mstandalone-pom[0;1m ---[m
[[1;34mINFO[m] 
  config (precedence: mojo > env > config.yml > default):
    endpoint_prefix  = http://127.0.0.1:18080/  (from: env TEAQL_ENDPOINT_PREFIX)
    api_key          = ********  (from: built-in default OOTB key)
    build_dir        = /tmp/payment-repeat.WUpFce/java-lib-core  (from: mojo parameter (-Dteaql.output))
    timeout_seconds  = 1200  (from: ~/.teaql/config.yml (or built-in default))

  api_key permissions:
    subject = default-user
    plan    = free
    expires = 2026-12-08 07:22:24 UTC (122 days remaining)

[[1;34mINFO[m] model input: /home/philip/githome/datahub-hackson-2026/examples/payment/05-generated-model.xml
[[1;34mINFO[m] using http://127.0.0.1:18080/generate
[[1;34mINFO[m] generated output in /tmp/payment-repeat.WUpFce/java-lib-core
[[1;34mINFO[m] archive saved to /tmp/payment-repeat.WUpFce/java-lib-core/domain.zip
[[1;34mINFO[m] [1m------------------------------------------------------------------------[m
[[1;34mINFO[m] [1;32mBUILD SUCCESS[m
[[1;34mINFO[m] [1m------------------------------------------------------------------------[m
[[1;34mINFO[m] Total time:  1.704 s
[[1;34mINFO[m] Finished at: 2026-08-08T12:29:51+08:00
[[1;34mINFO[m] [1m------------------------------------------------------------------------[m
[0m[0mCOMMAND=cargo teaql --endpoint-prefix http://127.0.0.1:18080/ --input <model> --output <repeat>/rust-lib-core rust-lib-core
model input: /home/philip/githome/datahub-hackson-2026/examples/payment/05-generated-model.xml
using http://127.0.0.1:18080/generate
generated output in /tmp/payment-repeat.WUpFce/rust-lib-core
archive saved to /tmp/payment-repeat.WUpFce/rust-lib-core/domain.zip
JAVA_COMPARISON=exclude domain.zip,target,pom.xml,tests,handwritten audit adapter
RUST_COMPARISON=exclude domain.zip,Cargo.lock,tests,target
DETERMINISTIC_GENERATED_SOURCES=true
FINISHED_AT_UTC=2026-08-08T04:29:51Z

Script done on 2026-08-08 12:29:51+08:00 [COMMAND_EXIT_CODE="0"]
